
> mywatchlist@0.1.0 build
> next build

node.exe : ΓÜá Warning: Next.js inferred your workspace 
root, but it may not be correct.
At C:\Users\Lawre\AppData\Roaming\npm\npm.ps1:24 char:5
+     & "node$exe"  
"$basedir/node_modules/npm/bin/npm-cli.js" $args
+     ~~~~~~~~~~~~~~~~~~~~~~~~~~~~~~~~~~~~~~~~~~~~~~~~~~~~~~
~~~~~~~~
    + CategoryInfo          : NotSpecified: (ΓÜá Warning: N 
   e...not be correct.:String) [], RemoteException
    + FullyQualifiedErrorId : NativeCommandError
 
 We detected multiple lockfiles and selected the directory 
of C:\Users\Lawre\package-lock.json as the root directory.
 To silence this warning, set `turbopack.root` in your 
Next.js config, or consider removing one of the lockfiles 
if it's not needed.
   See https://nextjs.org/docs/app/api-reference/config/next
-config-js/turbopack#root-directory for more information.
 Detected additional lockfiles: 
   * C:\Users\Lawre\Desktop\projects\mywatchlist\package-loc
k.json

Γû▓ Next.js 16.1.6 (Turbopack)
- Environments: .env.local

ΓÜá The "middleware" file convention is deprecated. Please 
use "proxy" instead. Learn more: 
https://nextjs.org/docs/messages/middleware-to-proxy
  Creating an optimized production build ...
Error: Can't resolve '../dashboard/dashboard.css' in 
'C:\Users\Lawre\Desktop\projects\mywatchlist\app\watchlists'
    [2m[at finishWithoutResolve (C:\Users\Lawre\Desktop\pro
jects\mywatchlist\node_modules\enhanced-resolve\lib\Resolver
.js:565:18)][0m
    [2m[at C:\Users\Lawre\Desktop\projects\mywatchlist\node
_modules\enhanced-resolve\lib\Resolver.js:657:14][0m
    [2m[at C:\Users\Lawre\Desktop\projects\mywatchlist\node
_modules\enhanced-resolve\lib\Resolver.js:718:5][0m
    [2m[at eval (eval at create (C:\Users\Lawre\Desktop\pro
jects\mywatchlist\node_modules\tapable\lib\HookCodeFactory.j
s:31:10), <anonymous>:15:1)][0m
    [2m[at C:\Users\Lawre\Desktop\projects\mywatchlist\node
_modules\enhanced-resolve\lib\Resolver.js:718:5][0m
    [2m[at eval (eval at create (C:\Users\Lawre\Desktop\pro
jects\mywatchlist\node_modules\tapable\lib\HookCodeFactory.j
s:31:10), <anonymous>:27:1)][0m
    [2m[at C:\Users\Lawre\Desktop\projects\mywatchlist\node
_modules\enhanced-resolve\lib\DescriptionFilePlugin.js:89:43
][0m
    [2m[at C:\Users\Lawre\Desktop\projects\mywatchlist\node
_modules\enhanced-resolve\lib\Resolver.js:718:5][0m
    [2m[at eval (eval at create (C:\Users\Lawre\Desktop\pro
jects\mywatchlist\node_modules\tapable\lib\HookCodeFactory.j
s:31:10), <anonymous>:15:1)][0m
    [2m[at C:\Users\Lawre\Desktop\projects\mywatchlist\node
_modules\enhanced-resolve\lib\Resolver.js:718:5][0m {
  details: "resolve '../dashboard/dashboard.css' in 'C:\\Use
rs\\Lawre\\Desktop\\projects\\mywatchlist\\app\\watchlists'\
n" +
    '  using description file: C:\\Users\\Lawre\\Desktop\\pr
ojects\\mywatchlist\\package.json (relative path: 
./app/watchlists)\n' +
    '    using description file: C:\\Users\\Lawre\\Desktop\\
projects\\mywatchlist\\package.json (relative path: 
./app/dashboard/dashboard.css)\n' +
    '      no extension\n' +
    "        C:\\Users\\Lawre\\Desktop\\projects\\mywatchlis
t\\app\\dashboard\\dashboard.css doesn't exist\n" +
    '      .css\n' +
    "        C:\\Users\\Lawre\\Desktop\\projects\\mywatchlis
t\\app\\dashboard\\dashboard.css.css doesn't exist\n" +
    '      as directory\n' +
    "        C:\\Users\\Lawre\\Desktop\\projects\\mywatchlis
t\\app\\dashboard\\dashboard.css doesn't exist"
}
Error: Can't resolve '../dashboard/dashboard.css' in 
'C:\Users\Lawre\Desktop\projects\mywatchlist\app\activity'
    [2m[at finishWithoutResolve (C:\Users\Lawre\Desktop\pro
jects\mywatchlist\node_modules\enhanced-resolve\lib\Resolver
.js:565:18)][0m
    [2m[at C:\Users\Lawre\Desktop\projects\mywatchlist\node
_modules\enhanced-resolve\lib\Resolver.js:657:14][0m
    [2m[at C:\Users\Lawre\Desktop\projects\mywatchlist\node
_modules\enhanced-resolve\lib\Resolver.js:718:5][0m
    [2m[at eval (eval at create (C:\Users\Lawre\Desktop\pro
jects\mywatchlist\node_modules\tapable\lib\HookCodeFactory.j
s:31:10), <anonymous>:15:1)][0m
    [2m[at C:\Users\Lawre\Desktop\projects\mywatchlist\node
_modules\enhanced-resolve\lib\Resolver.js:718:5][0m
    [2m[at eval (eval at create (C:\Users\Lawre\Desktop\pro
jects\mywatchlist\node_modules\tapable\lib\HookCodeFactory.j
s:31:10), <anonymous>:27:1)][0m
    [2m[at C:\Users\Lawre\Desktop\projects\mywatchlist\node
_modules\enhanced-resolve\lib\DescriptionFilePlugin.js:89:43
][0m
    [2m[at C:\Users\Lawre\Desktop\projects\mywatchlist\node
_modules\enhanced-resolve\lib\Resolver.js:718:5][0m
    [2m[at eval (eval at create (C:\Users\Lawre\Desktop\pro
jects\mywatchlist\node_modules\tapable\lib\HookCodeFactory.j
s:31:10), <anonymous>:15:1)][0m
    [2m[at C:\Users\Lawre\Desktop\projects\mywatchlist\node
_modules\enhanced-resolve\lib\Resolver.js:718:5][0m {
  details: "resolve '../dashboard/dashboard.css' in 'C:\\Use
rs\\Lawre\\Desktop\\projects\\mywatchlist\\app\\activity'\n"
 +
    '  using description file: C:\\Users\\Lawre\\Desktop\\pr
ojects\\mywatchlist\\package.json (relative path: 
./app/activity)\n' +
    '    using description file: C:\\Users\\Lawre\\Desktop\\
projects\\mywatchlist\\package.json (relative path: 
./app/dashboard/dashboard.css)\n' +
    '      no extension\n' +
    "        C:\\Users\\Lawre\\Desktop\\projects\\mywatchlis
t\\app\\dashboard\\dashboard.css doesn't exist\n" +
    '      .css\n' +
    "        C:\\Users\\Lawre\\Desktop\\projects\\mywatchlis
t\\app\\dashboard\\dashboard.css.css doesn't exist\n" +
    '      as directory\n' +
    "        C:\\Users\\Lawre\\Desktop\\projects\\mywatchlis
t\\app\\dashboard\\dashboard.css doesn't exist"
}

> Build error occurred
Error: Turbopack build failed with 10 errors:
./Desktop/projects/mywatchlist/app/activity/activity.module.
css
Error evaluating Node.js code
CssSyntaxError: tailwindcss: C:\Users\Lawre\Desktop\projects
\mywatchlist\app\activity\activity.module.css:1:1: Can't 
resolve '../dashboard/dashboard.css' in 
'C:\Users\Lawre\Desktop\projects\mywatchlist\app\activity'
    at Input.error (Desktop/projects/mywatchlist/node_module
s/postcss/lib/input.js:135:16) [C:\Users\Lawre\Desktop\proje
cts\mywatchlist\.next\build\chunks\d10b9_73348083._.js:4651:
22]
    at Root.error (Desktop/projects/mywatchlist/node_modules
/postcss/lib/node.js:146:32) [C:\Users\Lawre\Desktop\project
s\mywatchlist\.next\build\chunks\d10b9_73348083._.js:928:38]
    [at Object.Once (C:\Users\Lawre\Desktop\projects\mywatch
list\node_modules\@tailwindcss\postcss\dist\index.js:10:6911
)]
    [at process.processTicksAndRejections 
(node:internal/process/task_queues:105:5)]
    at async LazyResult.runAsync (Desktop/projects/mywatchli
st/node_modules/postcss/lib/lazy-result.js:293:11) [C:\Users
\Lawre\Desktop\projects\mywatchlist\.next\build\chunks\d10b9
_73348083._.js:6206:21]
    at async transform 
(turbopack:///[turbopack-node]/transforms/postcss.ts:70:34) 
[C:\Users\Lawre\Desktop\projects\mywatchlist\.next\build\chu
nks\[root-of-the-server]__2280403b._.js:146:36]
    at async run 
(turbopack:///[turbopack-node]/ipc/evaluate.ts:92:23) [C:\Us
ers\Lawre\Desktop\projects\mywatchlist\.next\build\chunks\[r
oot-of-the-server]__44dd42df._.js:443:31]

Import traces:
  Client Component Browser:
    ./Desktop/projects/mywatchlist/app/activity/activity.mod
ule.css [Client Component Browser]
    ./Desktop/projects/mywatchlist/app/activity/page.tsx 
[Client Component Browser]
    ./Desktop/projects/mywatchlist/app/activity/page.tsx 
[Server Component]

  Client Component SSR:
    ./Desktop/projects/mywatchlist/app/activity/activity.mod
ule.css [Client Component SSR]
    ./Desktop/projects/mywatchlist/app/activity/page.tsx 
[Client Component SSR]
    ./Desktop/projects/mywatchlist/app/activity/page.tsx 
[Server Component]


./Desktop/projects/mywatchlist/app/watchlists/watchlists.mod
ule.css
Error evaluating Node.js code
CssSyntaxError: tailwindcss: C:\Users\Lawre\Desktop\projects
\mywatchlist\app\watchlists\watchlists.module.css:1:1: 
Can't resolve '../dashboard/dashboard.css' in 
'C:\Users\Lawre\Desktop\projects\mywatchlist\app\watchlists'
    at Input.error (Desktop/projects/mywatchlist/node_module
s/postcss/lib/input.js:135:16) [C:\Users\Lawre\Desktop\proje
cts\mywatchlist\.next\build\chunks\d10b9_73348083._.js:4651:
22]
    at Root.error (Desktop/projects/mywatchlist/node_modules
/postcss/lib/node.js:146:32) [C:\Users\Lawre\Desktop\project
s\mywatchlist\.next\build\chunks\d10b9_73348083._.js:928:38]
    [at Object.Once (C:\Users\Lawre\Desktop\projects\mywatch
list\node_modules\@tailwindcss\postcss\dist\index.js:10:6911
)]
    [at process.processTicksAndRejections 
(node:internal/process/task_queues:105:5)]
    at async LazyResult.runAsync (Desktop/projects/mywatchli
st/node_modules/postcss/lib/lazy-result.js:293:11) [C:\Users
\Lawre\Desktop\projects\mywatchlist\.next\build\chunks\d10b9
_73348083._.js:6206:21]
    at async transform 
(turbopack:///[turbopack-node]/transforms/postcss.ts:70:34) 
[C:\Users\Lawre\Desktop\projects\mywatchlist\.next\build\chu
nks\[root-of-the-server]__2280403b._.js:146:36]
    at async run 
(turbopack:///[turbopack-node]/ipc/evaluate.ts:92:23) [C:\Us
ers\Lawre\Desktop\projects\mywatchlist\.next\build\chunks\[r
oot-of-the-server]__44dd42df._.js:443:31]

Import traces:
  Client Component Browser:
    ./Desktop/projects/mywatchlist/app/watchlists/watchlists
.module.css [Client Component Browser]
    ./Desktop/projects/mywatchlist/app/watchlists/page.tsx 
[Client Component Browser]
    ./Desktop/projects/mywatchlist/app/watchlists/page.tsx 
[Server Component]

  Client Component SSR:
    ./Desktop/projects/mywatchlist/app/watchlists/watchlists
.module.css [Client Component SSR]
    ./Desktop/projects/mywatchlist/app/watchlists/page.tsx 
[Client Component SSR]
    ./Desktop/projects/mywatchlist/app/watchlists/page.tsx 
[Server Component]


./Desktop/projects/mywatchlist/app/user/[username]/followers
/page.tsx:7:1
Module not found: Can't resolve '../profile.css'
[0m [90m  5 |[39m [36mimport[39m { [33mUserCard[39m 
} [36mfrom[39m [32m'@/components/UserCard'[39m
 [90m  6 |[39m [36mimport[39m [33mLink[39m 
[36mfrom[39m [32m'next/link'[39m
[31m[1m>[22m[39m[90m  7 |[39m [36mimport[39m 
[32m'../profile.css'[39m
 [90m    |[39m [31m[1m^[22m[39m[31m[1m^[22m[39m[3
1m[1m^[22m[39m[31m[1m^[22m[39m[31m[1m^[22m[39m[3
1m[1m^[22m[39m[31m[1m^[22m[39m[31m[1m^[22m[39m[3
1m[1m^[22m[39m[31m[1m^[22m[39m[31m[1m^[22m[39m[3
1m[1m^[22m[39m[31m[1m^[22m[39m[31m[1m^[22m[39m[3
1m[1m^[22m[39m[31m[1m^[22m[39m[31m[1m^[22m[39m[3
1m[1m^[22m[39m[31m[1m^[22m[39m[31m[1m^[22m[39m[3
1m[1m^[22m[39m[31m[1m^[22m[39m[31m[1m^[22m[39m
 [90m  8 |[39m
 [90m  9 |[39m [36mexport[39m [36mdefault[39m 
[36mfunction[39m [33mFollowersPage[39m() {
 [90m 10 |[39m   [36mconst[39m params [33m=[39m 
useParams()[0m



Import traces:
  Client Component Browser:
    ./Desktop/projects/mywatchlist/app/user/[username]/follo
wers/page.tsx [Client Component Browser]
    ./Desktop/projects/mywatchlist/app/user/[username]/follo
wers/page.tsx [Server Component]

  Client Component SSR:
    ./Desktop/projects/mywatchlist/app/user/[username]/follo
wers/page.tsx [Client Component SSR]
    ./Desktop/projects/mywatchlist/app/user/[username]/follo
wers/page.tsx [Server Component]

https://nextjs.org/docs/messages/module-not-found


./Desktop/projects/mywatchlist/app/user/[username]/followers
/page.tsx:8:1
Module not found: Can't resolve '../profile.css'
[0m [90m  6 |[39m [36mimport[39m { [33mUserCard[39m 
} [36mfrom[39m 
[32m'@/components/UserCard'[39m[33m;[39m
 [90m  7 |[39m [36mimport[39m [33mLink[39m 
[36mfrom[39m [32m'next/link'[39m[33m;[39m
[31m[1m>[22m[39m[90m  8 |[39m [36mimport[39m 
[32m'../profile.css'[39m[33m;[39m
 [90m    |[39m [31m[1m^[22m[39m[31m[1m^[22m[39m[3
1m[1m^[22m[39m[31m[1m^[22m[39m[31m[1m^[22m[39m[3
1m[1m^[22m[39m[31m[1m^[22m[39m[31m[1m^[22m[39m[3
1m[1m^[22m[39m[31m[1m^[22m[39m[31m[1m^[22m[39m[3
1m[1m^[22m[39m[31m[1m^[22m[39m[31m[1m^[22m[39m[3
1m[1m^[22m[39m[31m[1m^[22m[39m[31m[1m^[22m[39m[3
1m[1m^[22m[39m[31m[1m^[22m[39m[31m[1m^[22m[39m[3
1m[1m^[22m[39m[31m[1m^[22m[39m[31m[1m^[22m[39m[3
1m[1m^[22m[39m
 [90m  9 |[39m [36mexport[39m [36mdefault[39m 
[36mfunction[39m [33mFollowersPage[39m() {
 [90m 10 |[39m   [36mconst[39m $ [33m=[39m 
_c([35m31[39m)[33m;[39m
 [90m 11 |[39m   [36mconst[39m params [33m=[39m 
useParams()[33m;[39m[0m



Import traces:
  Client Component Browser:
    ./Desktop/projects/mywatchlist/app/user/[username]/follo
wers/page.tsx [Client Component Browser]
    ./Desktop/projects/mywatchlist/app/user/[username]/follo
wers/page.tsx [Server Component]

  Client Component SSR:
    ./Desktop/projects/mywatchlist/app/user/[username]/follo
wers/page.tsx [Client Component SSR]
    ./Desktop/projects/mywatchlist/app/user/[username]/follo
wers/page.tsx [Server Component]

https://nextjs.org/docs/messages/module-not-found


./Desktop/projects/mywatchlist/app/user/[username]/following
/page.tsx:7:1
Module not found: Can't resolve '../profile.css'
[0m [90m  5 |[39m [36mimport[39m { [33mUserCard[39m 
} [36mfrom[39m [32m'@/components/UserCard'[39m
 [90m  6 |[39m [36mimport[39m [33mLink[39m 
[36mfrom[39m [32m'next/link'[39m
[31m[1m>[22m[39m[90m  7 |[39m [36mimport[39m 
[32m'../profile.css'[39m
 [90m    |[39m [31m[1m^[22m[39m[31m[1m^[22m[39m[3
1m[1m^[22m[39m[31m[1m^[22m[39m[31m[1m^[22m[39m[3
1m[1m^[22m[39m[31m[1m^[22m[39m[31m[1m^[22m[39m[3
1m[1m^[22m[39m[31m[1m^[22m[39m[31m[1m^[22m[39m[3
1m[1m^[22m[39m[31m[1m^[22m[39m[31m[1m^[22m[39m[3
1m[1m^[22m[39m[31m[1m^[22m[39m[31m[1m^[22m[39m[3
1m[1m^[22m[39m[31m[1m^[22m[39m[31m[1m^[22m[39m[3
1m[1m^[22m[39m[31m[1m^[22m[39m[31m[1m^[22m[39m
 [90m  8 |[39m
 [90m  9 |[39m [36mexport[39m [36mdefault[39m 
[36mfunction[39m [33mFollowingPage[39m() {
 [90m 10 |[39m   [36mconst[39m params [33m=[39m 
useParams()[0m



Import traces:
  Client Component Browser:
    ./Desktop/projects/mywatchlist/app/user/[username]/follo
wing/page.tsx [Client Component Browser]
    ./Desktop/projects/mywatchlist/app/user/[username]/follo
wing/page.tsx [Server Component]

  Client Component SSR:
    ./Desktop/projects/mywatchlist/app/user/[username]/follo
wing/page.tsx [Client Component SSR]
    ./Desktop/projects/mywatchlist/app/user/[username]/follo
wing/page.tsx [Server Component]

https://nextjs.org/docs/messages/module-not-found


./Desktop/projects/mywatchlist/app/user/[username]/following
/page.tsx:8:1
Module not found: Can't resolve '../profile.css'
[0m [90m  6 |[39m [36mimport[39m { [33mUserCard[39m 
} [36mfrom[39m 
[32m'@/components/UserCard'[39m[33m;[39m
 [90m  7 |[39m [36mimport[39m [33mLink[39m 
[36mfrom[39m [32m'next/link'[39m[33m;[39m
[31m[1m>[22m[39m[90m  8 |[39m [36mimport[39m 
[32m'../profile.css'[39m[33m;[39m
 [90m    |[39m [31m[1m^[22m[39m[31m[1m^[22m[39m[3
1m[1m^[22m[39m[31m[1m^[22m[39m[31m[1m^[22m[39m[3
1m[1m^[22m[39m[31m[1m^[22m[39m[31m[1m^[22m[39m[3
1m[1m^[22m[39m[31m[1m^[22m[39m[31m[1m^[22m[39m[3
1m[1m^[22m[39m[31m[1m^[22m[39m[31m[1m^[22m[39m[3
1m[1m^[22m[39m[31m[1m^[22m[39m[31m[1m^[22m[39m[3
1m[1m^[22m[39m[31m[1m^[22m[39m[31m[1m^[22m[39m[3
1m[1m^[22m[39m[31m[1m^[22m[39m[31m[1m^[22m[39m[3
1m[1m^[22m[39m
 [90m  9 |[39m [36mexport[39m [36mdefault[39m 
[36mfunction[39m [33mFollowingPage[39m() {
 [90m 10 |[39m   [36mconst[39m $ [33m=[39m 
_c([35m31[39m)[33m;[39m
 [90m 11 |[39m   [36mconst[39m params [33m=[39m 
useParams()[33m;[39m[0m



Import traces:
  Client Component Browser:
    ./Desktop/projects/mywatchlist/app/user/[username]/follo
wing/page.tsx [Client Component Browser]
    ./Desktop/projects/mywatchlist/app/user/[username]/follo
wing/page.tsx [Server Component]

  Client Component SSR:
    ./Desktop/projects/mywatchlist/app/user/[username]/follo
wing/page.tsx [Client Component SSR]
    ./Desktop/projects/mywatchlist/app/user/[username]/follo
wing/page.tsx [Server Component]

https://nextjs.org/docs/messages/module-not-found


./Desktop/projects/mywatchlist/app/user/[username]/ratings/p
age.tsx:3:1
Module not found: Can't resolve '../profile.css'
[0m [90m 1 |[39m [32m'use client'[39m
 [90m 2 |[39m
[31m[1m>[22m[39m[90m 3 |[39m [36mimport[39m 
[32m'../profile.css'[39m
 [90m   |[39m [31m[1m^[22m[39m[31m[1m^[22m[39m[31
m[1m^[22m[39m[31m[1m^[22m[39m[31m[1m^[22m[39m[31
m[1m^[22m[39m[31m[1m^[22m[39m[31m[1m^[22m[39m[31
m[1m^[22m[39m[31m[1m^[22m[39m[31m[1m^[22m[39m[31
m[1m^[22m[39m[31m[1m^[22m[39m[31m[1m^[22m[39m[31
m[1m^[22m[39m[31m[1m^[22m[39m[31m[1m^[22m[39m[31
m[1m^[22m[39m[31m[1m^[22m[39m[31m[1m^[22m[39m[31
m[1m^[22m[39m[31m[1m^[22m[39m[31m[1m^[22m[39m
 [90m 4 |[39m [36mimport[39m { useEffect[33m,[39m 
useState } [36mfrom[39m [32m'react'[39m
 [90m 5 |[39m [36mimport[39m { useParams[33m,[39m 
useRouter } [36mfrom[39m [32m'next/navigation'[39m
 [90m 6 |[39m [36mimport[39m { 
[33mProfileService[39m[33m,[39m 
[33mAuthService[39m[33m,[39m 
[33mRatingService[39m[33m,[39m 
[33mWatchlistService[39m[33m,[39m [33mTMDBService[39m 
} [36mfrom[39m [32m'@/services'[39m[0m



Import traces:
  Client Component Browser:
    ./Desktop/projects/mywatchlist/app/user/[username]/ratin
gs/page.tsx [Client Component Browser]
    ./Desktop/projects/mywatchlist/app/user/[username]/ratin
gs/page.tsx [Server Component]

  Client Component SSR:
    ./Desktop/projects/mywatchlist/app/user/[username]/ratin
gs/page.tsx [Client Component SSR]
    ./Desktop/projects/mywatchlist/app/user/[username]/ratin
gs/page.tsx [Server Component]

https://nextjs.org/docs/messages/module-not-found


./Desktop/projects/mywatchlist/app/user/[username]/ratings/p
age.tsx:3:1
Module not found: Can't resolve '../profile.css'
[0m [90m 1 |[39m [32m'use client'[39m[33m;[39m
 [90m 2 |[39m
[31m[1m>[22m[39m[90m 3 |[39m [36mimport[39m 
[32m'../profile.css'[39m[33m;[39m
 [90m   |[39m [31m[1m^[22m[39m[31m[1m^[22m[39m[31
m[1m^[22m[39m[31m[1m^[22m[39m[31m[1m^[22m[39m[31
m[1m^[22m[39m[31m[1m^[22m[39m[31m[1m^[22m[39m[31
m[1m^[22m[39m[31m[1m^[22m[39m[31m[1m^[22m[39m[31
m[1m^[22m[39m[31m[1m^[22m[39m[31m[1m^[22m[39m[31
m[1m^[22m[39m[31m[1m^[22m[39m[31m[1m^[22m[39m[31
m[1m^[22m[39m[31m[1m^[22m[39m[31m[1m^[22m[39m[31
m[1m^[22m[39m[31m[1m^[22m[39m[31m[1m^[22m[39m[31
m[1m^[22m[39m
 [90m 4 |[39m [36mimport[39m { useEffect[33m,[39m 
useState } [36mfrom[39m [32m'react'[39m[33m;[39m
 [90m 5 |[39m [36mimport[39m { useParams[33m,[39m 
useRouter } [36mfrom[39m 
[32m'next/navigation'[39m[33m;[39m
 [90m 6 |[39m [36mimport[39m { 
[33mProfileService[39m[33m,[39m 
[33mAuthService[39m[33m,[39m 
[33mRatingService[39m[33m,[39m 
[33mWatchlistService[39m[33m,[39m [33mTMDBService[39m 
} [36mfrom[39m [32m'@/services'[39m[33m;[39m[0m



Import traces:
  Client Component Browser:
    ./Desktop/projects/mywatchlist/app/user/[username]/ratin
gs/page.tsx [Client Component Browser]
    ./Desktop/projects/mywatchlist/app/user/[username]/ratin
gs/page.tsx [Server Component]

  Client Component SSR:
    ./Desktop/projects/mywatchlist/app/user/[username]/ratin
gs/page.tsx [Client Component SSR]
    ./Desktop/projects/mywatchlist/app/user/[username]/ratin
gs/page.tsx [Server Component]

https://nextjs.org/docs/messages/module-not-found


./Desktop/projects/mywatchlist/app/dashboard/page.tsx:4:1
Module not found: Can't resolve 
'@/components/ActivityFeed/ActivityFeed.css'
[0m [90m 2 |[39m
 [90m 3 |[39m [36mimport[39m styles [36mfrom[39m 
[32m'./dashboard.module.css'[39m
[31m[1m>[22m[39m[90m 4 |[39m [36mimport[39m 
[32m'@/components/ActivityFeed/ActivityFeed.css'[39m
 [90m   |[39m [31m[1m^[22m[39m[31m[1m^[22m[39m[31
m[1m^[22m[39m[31m[1m^[22m[39m[31m[1m^[22m[39m[31
m[1m^[22m[39m[31m[1m^[22m[39m[31m[1m^[22m[39m[31
m[1m^[22m[39m[31m[1m^[22m[39m[31m[1m^[22m[39m[31
m[1m^[22m[39m[31m[1m^[22m[39m[31m[1m^[22m[39m[31
m[1m^[22m[39m[31m[1m^[22m[39m[31m[1m^[22m[39m[31
m[1m^[22m[39m[31m[1m^[22m[39m[31m[1m^[22m[39m[31
m[1m^[22m[39m[31m[1m^[22m[39m[31m[1m^[22m[39m[31
m[1m^[22m[39m[31m[1m^[22m[39m[31m[1m^[22m[39m[31
m[1m^[22m[39m[31m[1m^[22m[39m[31m[1m^[22m[39m[31
m[1m^[22m[39m[31m[1m^[22m[39m[31m[1m^[22m[39m[31
m[1m^[22m[39m[31m[1m^[22m[39m[31m[1m^[22m[39m[31
m[1m^[22m[39m[31m[1m^[22m[39m[31m[1m^[22m[39m[31
m[1m^[22m[39m[31m[1m^[22m[39m[31m[1m^[22m[39m[31
m[1m^[22m[39m[31m[1m^[22m[39m[31m[1m^[22m[39m[31
m[1m^[22m[39m[31m[1m^[22m[39m[31m[1m^[22m[39m[31
m[1m^[22m[39m[31m[1m^[22m[39m[31m[1m^[22m[39m[31
m[1m^[22m[39m
 [90m 5 |[39m [36mimport[39m { useEffect[33m,[39m 
useState } [36mfrom[39m [32m'react'[39m
 [90m 6 |[39m [36mimport[39m { useRouter } 
[36mfrom[39m [32m'next/navigation'[39m
 [90m 7 |[39m [36mimport[39m { useAuth[33m,[39m 
useProfile[33m,[39m useProfileStats[33m,[39m 
useWatchlist[33m,[39m useTrending[33m,[39m 
useFollow[33m,[39m useUnreadActivityCount[33m,[39m 
[33mTMDBService[39m } [36mfrom[39m 
[32m'@/hooks'[39m[0m

Import map: aliased to relative 
'./components/ActivityFeed/ActivityFeed.css' inside of 
[project]/Desktop/projects/mywatchlist


Import traces:
  Client Component Browser:
    ./Desktop/projects/mywatchlist/app/dashboard/page.tsx 
[Client Component Browser]
    ./Desktop/projects/mywatchlist/app/dashboard/page.tsx 
[Server Component]

  Client Component SSR:
    ./Desktop/projects/mywatchlist/app/dashboard/page.tsx 
[Client Component SSR]
    ./Desktop/projects/mywatchlist/app/dashboard/page.tsx 
[Server Component]

https://nextjs.org/docs/messages/module-not-found


./Desktop/projects/mywatchlist/app/dashboard/page.tsx:5:1
Module not found: Can't resolve 
'@/components/ActivityFeed/ActivityFeed.css'
[0m [90m 3 |[39m [36mimport[39m { c [36mas[39m _c } 
[36mfrom[39m [32m"react/compiler-runtime"[39m[33m;[39m
 [90m 4 |[39m [36mimport[39m styles [36mfrom[39m 
[32m'./dashboard.module.css'[39m[33m;[39m
[31m[1m>[22m[39m[90m 5 |[39m [36mimport[39m [32m'@/
components/ActivityFeed/ActivityFeed.css'[39m[33m;[39m
 [90m   |[39m [31m[1m^[22m[39m[31m[1m^[22m[39m[31
m[1m^[22m[39m[31m[1m^[22m[39m[31m[1m^[22m[39m[31
m[1m^[22m[39m[31m[1m^[22m[39m[31m[1m^[22m[39m[31
m[1m^[22m[39m[31m[1m^[22m[39m[31m[1m^[22m[39m[31
m[1m^[22m[39m[31m[1m^[22m[39m[31m[1m^[22m[39m[31
m[1m^[22m[39m[31m[1m^[22m[39m[31m[1m^[22m[39m[31
m[1m^[22m[39m[31m[1m^[22m[39m[31m[1m^[22m[39m[31
m[1m^[22m[39m[31m[1m^[22m[39m[31m[1m^[22m[39m[31
m[1m^[22m[39m[31m[1m^[22m[39m[31m[1m^[22m[39m[31
m[1m^[22m[39m[31m[1m^[22m[39m[31m[1m^[22m[39m[31
m[1m^[22m[39m[31m[1m^[22m[39m[31m[1m^[22m[39m[31
m[1m^[22m[39m[31m[1m^[22m[39m[31m[1m^[22m[39m[31
m[1m^[22m[39m[31m[1m^[22m[39m[31m[1m^[22m[39m[31
m[1m^[22m[39m[31m[1m^[22m[39m[31m[1m^[22m[39m[31
m[1m^[22m[39m[31m[1m^[22m[39m[31m[1m^[22m[39m[31
m[1m^[22m[39m[31m[1m^[22m[39m[31m[1m^[22m[39m[31
m[1m^[22m[39m[31m[1m^[22m[39m[31m[1m^[22m[39m[31
m[1m^[22m[39m[31m[1m^[22m[39m
 [90m 6 |[39m [36mimport[39m { useEffect[33m,[39m 
useState } [36mfrom[39m [32m'react'[39m[33m;[39m
 [90m 7 |[39m [36mimport[39m { useRouter } 
[36mfrom[39m [32m'next/navigation'[39m[33m;[39m
 [90m 8 |[39m [36mimport[39m { useAuth[33m,[39m 
useProfile[33m,[39m useProfileStats[33m,[39m 
useWatchlist[33m,[39m useTrending[33m,[39m 
useFollow[33m,[39m useUnreadActivityCount[33m,[39m 
[33mTMDBService[39m } [36mfrom[39m 
[32m'@/hooks'[39m[33m;[39m[0m

Import map: aliased to relative 
'./components/ActivityFeed/ActivityFeed.css' inside of 
[project]/Desktop/projects/mywatchlist


Import traces:
  Client Component Browser:
    ./Desktop/projects/mywatchlist/app/dashboard/page.tsx 
[Client Component Browser]
    ./Desktop/projects/mywatchlist/app/dashboard/page.tsx 
[Server Component]

  Client Component SSR:
    ./Desktop/projects/mywatchlist/app/dashboard/page.tsx 
[Client Component SSR]
    ./Desktop/projects/mywatchlist/app/dashboard/page.tsx 
[Server Component]

https://nextjs.org/docs/messages/module-not-found


    at async transform 
(turbopack:///[turbopack-node]/transforms/postcss.ts:70:34) 
[C:\Users\Lawre\Desktop\projects\mywatchlist\.next\build\chu
nks\[root-of-the-server]__2280403b._.js:146:36])
    at async run 
(turbopack:///[turbopack-node]/ipc/evaluate.ts:92:23) [C:\Us
ers\Lawre\Desktop\projects\mywatchlist\.next\build\chunks\[r
oot-of-the-server]__44dd42df._.js:443:31])
    at async transform 
(turbopack:///[turbopack-node]/transforms/postcss.ts:70:34) 
[C:\Users\Lawre\Desktop\projects\mywatchlist\.next\build\chu
nks\[root-of-the-server]__2280403b._.js:146:36])
    at async run 
(turbopack:///[turbopack-node]/ipc/evaluate.ts:92:23) [C:\Us
ers\Lawre\Desktop\projects\mywatchlist\.next\build\chunks\[r
oot-of-the-server]__44dd42df._.js:443:31])
    at <unknown> (./Desktop/projects/mywatchlist/app/user/[u
sername]/followers/page.tsx:7:1)
    at <unknown> 
(https://nextjs.org/docs/messages/module-not-found)
    at <unknown> (./Desktop/projects/mywatchlist/app/user/[u
sername]/followers/page.tsx:8:1)
    at <unknown> 
(https://nextjs.org/docs/messages/module-not-found)
    at <unknown> (./Desktop/projects/mywatchlist/app/user/[u
sername]/following/page.tsx:7:1)
    at <unknown> 
(https://nextjs.org/docs/messages/module-not-found)
    at <unknown> (./Desktop/projects/mywatchlist/app/user/[u
sername]/following/page.tsx:8:1)
    at <unknown> 
(https://nextjs.org/docs/messages/module-not-found)
    at <unknown> (./Desktop/projects/mywatchlist/app/user/[u
sername]/ratings/page.tsx:3:1)
    at <unknown> 
(https://nextjs.org/docs/messages/module-not-found)
    at <unknown> (./Desktop/projects/mywatchlist/app/user/[u
sername]/ratings/page.tsx:3:1)
    at <unknown> 
(https://nextjs.org/docs/messages/module-not-found)
    at <unknown> 
(./Desktop/projects/mywatchlist/app/dashboard/page.tsx:4:1)
    at <unknown> 
(https://nextjs.org/docs/messages/module-not-found)
    at <unknown> 
(./Desktop/projects/mywatchlist/app/dashboard/page.tsx:5:1)
    at <unknown> 
(https://nextjs.org/docs/messages/module-not-found)
